// Vitest Snapshot v1, https://vitest.dev/guide/snapshot.html

exports[`render > should accept svelte component options 1`] = `
<body>
  <div>
    <h1
      data-testid="test"
    >
      Hello 
      World
      !
    </h1>
     
    <div>
      we have context
    </div>
     
    <button>
      Button
    </button>
    <!--&lt;Comp&gt;-->
    <div />
  </div>
</body>
`;
